// Jest Snapshot v1, https://goo.gl/fbAQLP

exports[`UsersField should render successfully 1`] = `
<div
  className="wye-UsersField root"
>
  <div
    className="wye-UsersField__addUserfieldContainer addUserfieldContainer"
  >
    <WithStyles(ForwardRef(TextField))
      InputLabelProps={
        Object {
          "classes": Object {
            "disabled": undefined,
          },
        }
      }
      autoFocus={true}
      className="wye-UsersField__addUserField addUserField"
      disabled={false}
      label="Add a SteamID:"
      onChange={[Function]}
      onKeyPress={[Function]}
      placeholder="e.g. - 76561197975995523"
      value=""
    />
    <WithStyles(ForwardRef(Button))
      className="wye-UsersField__addUserButton addUserButton"
      disabled={true}
      onClick={[Function]}
    >
      <Icon
        className="wye-UsersField__addUserIcon wye-UsersField__addUserIcon--disabled addUserIcon addUserIconDisabled"
        color="currentColor"
        horizontal={false}
        path="M15,4A4,4 0 0,0 11,8A4,4 0 0,0 15,12A4,4 0 0,0 19,8A4,4 0 0,0 15,4M15,5.9C16.16,5.9 17.1,6.84 17.1,8C17.1,9.16 16.16,10.1 15,10.1A2.1,2.1 0 0,1 12.9,8A2.1,2.1 0 0,1 15,5.9M4,7V10H1V12H4V15H6V12H9V10H6V7H4M15,13C12.33,13 7,14.33 7,17V20H23V17C23,14.33 17.67,13 15,13M15,14.9C17.97,14.9 21.1,16.36 21.1,17V18.1H8.9V17C8.9,16.36 12,14.9 15,14.9Z"
        rotate={0}
        size={null}
        spin={false}
        vertical={false}
      />
    </WithStyles(ForwardRef(Button))>
  </div>
  <div
    className="wye-UsersField__fieldItemsContainer fieldItemsContainer"
  />
</div>
`;
