// Jest Snapshot v1, https://goo.gl/fbAQLP

exports[`OnClickOutsideWrapper should render a div containing the children provided 1`] = `
<div
  className="wye-OnClickOutsideWrapper root"
>
  <p>
    foo
  </p>
</div>
`;
