// Jest Snapshot v1, https://goo.gl/fbAQLP

exports[`RecommendationsGrid should render successfully 1`] = `
<RecommendationsGrid
  classes={
    Object {
      "root": "root",
    }
  }
  users={
    Array [
      "foo",
    ]
  }
/>
`;
