// Jest Snapshot v1, https://goo.gl/fbAQLP

exports[`LoadingState should render successfully 1`] = `
<div
  className="wye-LoadingState root"
/>
`;
