// Jest Snapshot v1, https://goo.gl/fbAQLP

exports[`Under5Page should render successfully 1`] = `
<div
  className="wye-Under5Page root"
>
  <WithWidth(WithStyles(GamesFilterWidget))
    initialFilters={
      Object {
        "filters": Object {
          "gameFilters": Object {
            "finalPrice_lte": 499,
            "freeToPlay": false,
          },
        },
        "orderBy": Array [
          "FINAL_PRICE",
          "USER_RATING",
        ],
        "sortOrder": "DESC",
      }
    }
  />
</div>
`;
